20:34:06 **** Incremental Build of configuration Debug for project Test1 ****
make all 
Building file: ../main.cpp
Invoking: MCU C++ Compiler
arm-none-eabi-c++ -D__NEWLIB__ -DDEBUG -D__CODE_RED -O0 -g3 -Wall -c -fmessage-length=0 -fno-builtin -ffunction-sections -fdata-sections -fno-rtti -fno-exceptions -mcpu=cortex-m4 -mthumb -MMD -MP -MF"main.d" -MT"main.d" -o "main.o" "../main.cpp"
Finished building: ../main.cpp
 
Building target: Test1.axf
Invoking: MCU C++ Linker
arm-none-eabi-c++ -nostdlib -Xlinker -Map="Test1.map" -Xlinker --gc-sections -mcpu=cortex-m4 -mthumb -T "Test1_Debug.ld" -o "Test1.axf"  ./main.o   
c:/nxp/lpcxpresso_5.2.6_2137/lpcxpresso/tools/bin/../lib/gcc/arm-none-eabi/4.6.2/../../../../arm-none-eabi/bin/ld.exe: warning: cannot find entry symbol ResetISR; defaulting to 1a000000
Finished building target: Test1.axf
 
make --no-print-directory post-build
Performing post-build steps
arm-none-eabi-size "Test1.axf"; # arm-none-eabi-objcopy -O binary "Test1.axf" "Test1.bin" ; checksum -p LPC4337 -d "Test1.bin";
   text	   data	    bss	    dec	    hex	filename
    212	      0	     28	    240	     f0	Test1.axf
 

20:34:06 Build Finished (took 649ms)

